> Task :app:checkKotlinGradlePluginConfigurationErrors SKIPPED
> Task :app:preBuild UP-TO-DATE
> Task :app:preDebugBuild UP-TO-DATE
> Task :app:generateDebugBuildConfig UP-TO-DATE
> Task :app:checkDebugAarMetadata UP-TO-DATE
> Task :app:generateDebugResValues UP-TO-DATE
> Task :app:processDebugGoogleServices UP-TO-DATE
> Task :app:mapDebugSourceSetPaths UP-TO-DATE
> Task :app:generateDebugResources UP-TO-DATE
> Task :app:mergeDebugResources UP-TO-DATE
> Task :app:packageDebugResources UP-TO-DATE
> Task :app:parseDebugLocalResources UP-TO-DATE
> Task :app:createDebugCompatibleScreenManifests UP-TO-DATE
> Task :app:extractDeepLinksDebug UP-TO-DATE
> Task :app:processDebugMainManifest UP-TO-DATE
> Task :app:processDebugManifest UP-TO-DATE
> Task :app:processDebugManifestForPackage UP-TO-DATE
> Task :app:processDebugResources UP-TO-DATE

> Task :app:compileDebugKotlin FAILED
e: file:///Users/jaydeepkubavat/Downloads/Atmiya_App/app/src/main/java/com/atmiya/innovation/ui/auth/LoginScreen.kt:269:57 Unresolved reference 'compose'.
e: file:///Users/jaydeepkubavat/Downloads/Atmiya_App/app/src/main/java/com/atmiya/innovation/ui/components/UserAvatar.kt:48:55 Unresolved reference 'getAvatarColor'.
e: file:///Users/jaydeepkubavat/Downloads/Atmiya_App/app/src/main/java/com/atmiya/innovation/ui/components/UserAvatar.kt:62:13 Overload resolution ambiguity between candidates:
@Composable() @ComposableTarget(...) fun Text(text: AnnotatedString, modifier: Modifier = ..., color: Color = ..., fontSize: TextUnit = ..., fontStyle: FontStyle? = ..., fontWeight: FontWeight? = ..., fontFamily: FontFamily? = ..., letterSpacing: TextUnit = ..., textDecoration: TextDecoration? = ..., textAlign: TextAlign? = ..., lineHeight: TextUnit = ..., overflow: TextOverflow = ..., softWrap: Boolean = ..., maxLines: Int = ..., minLines: Int = ..., inlineContent: Map<String, InlineTextContent> = ..., onTextLayout: (TextLayoutResult) -> Unit = ..., style: TextStyle = ...): Unit
@Composable() @ComposableTarget(...) fun Text(text: String, modifier: Modifier = ..., color: Color = ..., fontSize: TextUnit = ..., fontStyle: FontStyle? = ..., fontWeight: FontWeight? = ..., fontFamily: FontFamily? = ..., letterSpacing: TextUnit = ..., textDecoration: TextDecoration? = ..., textAlign: TextAlign? = ..., lineHeight: TextUnit = ..., overflow: TextOverflow = ..., softWrap: Boolean = ..., maxLines: Int = ..., minLines: Int = ..., onTextLayout: ((TextLayoutResult) -> Unit)? = ..., style: TextStyle = ...): Unit
e: file:///Users/jaydeepkubavat/Downloads/Atmiya_App/app/src/main/java/com/atmiya/innovation/ui/components/UserAvatar.kt:63:36 Unresolved reference 'getInitials'.
e: file:///Users/jaydeepkubavat/Downloads/Atmiya_App/app/src/main/java/com/atmiya/innovation/ui/onboarding/PendingStartupDetailsScreen.kt:65:37 Unresolved reference 'organization'.
e: file:///Users/jaydeepkubavat/Downloads/Atmiya_App/app/src/main/java/com/atmiya/innovation/ui/onboarding/PendingStartupDetailsScreen.kt:128:13 This material API is experimental and is likely to change or to be removed in the future.
e: file:///Users/jaydeepkubavat/Downloads/Atmiya_App/app/src/main/java/com/atmiya/innovation/ui/onboarding/PendingStartupDetailsScreen.kt:135:26 This material API is experimental and is likely to change or to be removed in the future.
e: file:///Users/jaydeepkubavat/Downloads/Atmiya_App/app/src/main/java/com/atmiya/innovation/ui/onboarding/PendingStartupDetailsScreen.kt:135:44 This material API is experimental and is likely to change or to be removed in the future.

FAILURE: Build failed with an exception.

* What went wrong:
Execution failed for task ':app:compileDebugKotlin'.
> A failure occurred while executing org.jetbrains.kotlin.compilerRunner.GradleCompilerRunnerWithWorkers$GradleKotlinCompilerWorkAction
   > Compilation error. See log for more details

* Try:
> Run with --stacktrace option to get the stack trace.
> Run with --info or --debug option to get more log output.
> Run with --scan to get full insights.
> Get more help at https://help.gradle.org.

BUILD FAILED in 2s
16 actionable tasks: 1 executed, 15 up-to-date
