> Task :app:checkKotlinGradlePluginConfigurationErrors SKIPPED
> Task :app:preBuild UP-TO-DATE
> Task :app:preDebugBuild UP-TO-DATE
> Task :app:generateDebugBuildConfig UP-TO-DATE
> Task :app:checkDebugAarMetadata UP-TO-DATE
> Task :app:generateDebugResValues UP-TO-DATE
> Task :app:processDebugGoogleServices UP-TO-DATE
> Task :app:mapDebugSourceSetPaths UP-TO-DATE
> Task :app:generateDebugResources UP-TO-DATE
> Task :app:mergeDebugResources UP-TO-DATE
> Task :app:packageDebugResources UP-TO-DATE
> Task :app:parseDebugLocalResources UP-TO-DATE
> Task :app:createDebugCompatibleScreenManifests UP-TO-DATE
> Task :app:extractDeepLinksDebug UP-TO-DATE
> Task :app:processDebugMainManifest UP-TO-DATE
> Task :app:processDebugManifest UP-TO-DATE
> Task :app:processDebugManifestForPackage UP-TO-DATE
> Task :app:processDebugResources UP-TO-DATE
> Task :app:javaPreCompileDebug UP-TO-DATE
> Task :app:preDebugUnitTestBuild UP-TO-DATE
> Task :app:javaPreCompileDebugUnitTest UP-TO-DATE

> Task :app:compileDebugKotlin FAILED
e: file:///Users/jaydeepkubavat/Downloads/Atmiya_App/app/src/main/java/com/atmiya/innovation/ui/dashboard/startup/RunwayCalculatorEngine.kt:199:52 Overload resolution ambiguity between candidates:
@IntrinsicConstEvaluation() fun times(other: Byte): Double
@IntrinsicConstEvaluation() fun times(other: Double): Double
@IntrinsicConstEvaluation() fun times(other: Float): Double
@IntrinsicConstEvaluation() fun times(other: Int): Double
@IntrinsicConstEvaluation() fun times(other: Long): Double
@IntrinsicConstEvaluation() fun times(other: Short): Double
e: file:///Users/jaydeepkubavat/Downloads/Atmiya_App/app/src/main/java/com/atmiya/innovation/ui/dashboard/startup/RunwayCalculatorEngine.kt:199:66 Unresolved reference 'pow'.
e: file:///Users/jaydeepkubavat/Downloads/Atmiya_App/app/src/main/java/com/atmiya/innovation/ui/dashboard/startup/RunwayCalculatorEngine.kt:203:21 None of the following candidates is applicable:
@InlineOnly() fun BigDecimal.times(other: BigDecimal): BigDecimal
@InlineOnly() fun BigInteger.times(other: BigInteger): BigInteger
e: file:///Users/jaydeepkubavat/Downloads/Atmiya_App/app/src/main/java/com/atmiya/innovation/ui/dashboard/startup/RunwayCalculatorEngine.kt:205:21 None of the following candidates is applicable:
@InlineOnly() fun BigDecimal.times(other: BigDecimal): BigDecimal
@InlineOnly() fun BigInteger.times(other: BigInteger): BigInteger
e: file:///Users/jaydeepkubavat/Downloads/Atmiya_App/app/src/main/java/com/atmiya/innovation/ui/dashboard/startup/RunwayCalculatorScreen.kt:28:39 Unresolved reference 'AtmiyaBg'.
e: file:///Users/jaydeepkubavat/Downloads/Atmiya_App/app/src/main/java/com/atmiya/innovation/ui/dashboard/startup/RunwayCalculatorScreen.kt:311:14 Unresolved reference 'Dp'.
e: file:///Users/jaydeepkubavat/Downloads/Atmiya_App/app/src/main/java/com/atmiya/innovation/ui/dashboard/startup/RunwayCalculatorScreen.kt:319:36 Overload resolution ambiguity between candidates:
@Stable() fun Modifier.padding(paddingValues: PaddingValues): Modifier
@Stable() fun Modifier.padding(all: Dp): Modifier
@Stable() fun Modifier.padding(horizontal: Dp = ..., vertical: Dp = ...): Modifier
@Stable() fun Modifier.padding(start: Dp = ..., top: Dp = ..., end: Dp = ..., bottom: Dp = ...): Modifier

FAILURE: Build failed with an exception.

* What went wrong:
Execution failed for task ':app:compileDebugKotlin'.
> A failure occurred while executing org.jetbrains.kotlin.compilerRunner.GradleCompilerRunnerWithWorkers$GradleKotlinCompilerWorkAction
   > Compilation error. See log for more details

* Try:
> Run with --stacktrace option to get the stack trace.
> Run with --info or --debug option to get more log output.
> Run with --scan to get full insights.
> Get more help at https://help.gradle.org.

BUILD FAILED in 3s
18 actionable tasks: 1 executed, 17 up-to-date
